../BSP/Src/adc_helper.c:101:6:_waitUntilConvCplt	0	static
../BSP/Src/adc_helper.c:113:7:_getVref	0	static
../BSP/Src/adc_helper.c:132:7:_getVRes	8	static
../BSP/Src/adc_helper.c:143:7:_calculateDisplayTemperature	8	static
../BSP/Src/adc_helper.c:162:7:_calculateInternalTemperature	8	static
../BSP/Src/adc_helper.c:193:6:ADC_startTask	16	static
../BSP/Src/adc_helper.c:181:7:_getVinMEAS	8	static
../BSP/Src/adc_helper.c:212:6:ADC_InitTask	8	static
../BSP/Src/adc_helper.c:222:6:HAL_ADC_ConvCpltCallback	0	static
../BSP/Src/adc_helper.c:231:6:ADC_triggerConversion	0	static
../BSP/Src/adc_helper.c:242:6:ADC_startSampling	0	static
../BSP/Src/adc_helper.c:252:6:ADC_stopSampling	8	static
../BSP/Src/adc_helper.c:263:10:ADC_getRawValue	8	static
../BSP/Src/adc_helper.c:313:7:ADC_getTempValue	8	static
../BSP/Src/adc_helper.c:337:7:ADC_getVRef	0	static
../BSP/Src/adc_helper.c:350:7:ADC_getAINResistance	16	static
../BSP/Src/adc_helper.c:390:7:ADC_getAINCurrent	24	static
../BSP/Src/adc_helper.c:274:7:ADC_getAbsValue	8	static
../BSP/Src/adc_helper.c:432:7:ADC_getAINVoltage	8	static
