../BSP/Src/fs_layer.c:125:12:_syncFS	0	static
../BSP/Src/fs_layer.c:89:12:_eraseBlock	8	static
../BSP/Src/fs_layer.c:71:12:_programBlock	16	static
../BSP/Src/fs_layer.c:50:12:_readBlock	16	static
../BSP/Src/fs_layer.c:105:12:_eraseFS.constprop	16	static
../BSP/Src/fs_layer.c:236:8:FS_getFS	0	static
../BSP/Src/fs_layer.c:244:13:FS_getFSConfig	0	static
../BSP/Src/fs_layer.c:455:6:FS_setUSBMountStatus	0	static
../BSP/Src/fs_layer.c:464:6:FS_getUSBMountStatus	0	static
../BSP/Src/fs_layer.c:474:5:FS_mkdir	0	static
../BSP/Src/fs_layer.c:485:5:FS_mv	0	static
../BSP/Src/fs_layer.c:494:5:FS_mount	8	static
../BSP/Src/fs_layer.c:197:5:FS_Init	0	static
../BSP/Src/fs_layer.c:525:5:FS_umount	8	static
../BSP/Src/fs_layer.c:175:12:_checkForCorruptFS	8	static
../BSP/Src/fs_layer.c:254:5:FS_copyFileToFatfs	4616	static
../BSP/Src/fs_layer.c:359:5:FS_copyFileToFlash	4608	static
../BSP/Src/fs_layer.c:545:5:FS_format	0	static
../BSP/Src/fs_layer.c:556:5:FS_rm	1112	static
../BSP/Src/fs_layer.c:668:5:FS_read	280	static
../BSP/Src/fs_layer.c:713:5:FS_ls	336	static
../BSP/Src/fs_layer.c:762:9:FS_fileSize	280	static
../BSP/Src/fs_layer.c:801:9:FS_size	0	static
../BSP/Src/fs_layer.c:810:9:FS_free	8	static
../BSP/Src/fs_layer.c:586:5:FS_write	288	static
../BSP/Src/fs_layer.c:656:5:FS_writeStr	16	static
../BSP/Src/fs_layer.c:829:6:FS_isReady	16	static
../BSP/Src/fs_layer.c:846:5:FS_eraseFs	0	static
