../TouchGFX_App/touchgfx/framework/include/touchgfx/TypedText.hpp:65:13:touchgfx::TypedText::~TypedText()	0	static
../TouchGFX_App/touchgfx/framework/include/touchgfx/Drawable.hpp:147:23:virtual touchgfx::Drawable* touchgfx::Drawable::getFirstChild()	0	static
../TouchGFX_App/touchgfx/framework/include/touchgfx/Drawable.hpp:315:18:virtual void touchgfx::Drawable::setX(int16_t)	0	static
../TouchGFX_App/touchgfx/framework/include/touchgfx/Drawable.hpp:327:18:virtual void touchgfx::Drawable::setY(int16_t)	0	static
../TouchGFX_App/touchgfx/framework/include/touchgfx/Drawable.hpp:356:18:virtual void touchgfx::Drawable::setWidth(int16_t)	0	static
../TouchGFX_App/touchgfx/framework/include/touchgfx/Drawable.hpp:368:18:virtual void touchgfx::Drawable::setHeight(int16_t)	0	static
../TouchGFX_App/touchgfx/framework/include/touchgfx/Drawable.hpp:378:18:virtual void touchgfx::Drawable::childGeometryChanged()	0	static
../TouchGFX_App/touchgfx/framework/include/touchgfx/Drawable.hpp:389:18:virtual void touchgfx::Drawable::handleClickEvent(const touchgfx::ClickEvent&)	0	static
../TouchGFX_App/touchgfx/framework/include/touchgfx/Drawable.hpp:401:18:virtual void touchgfx::Drawable::handleGestureEvent(const touchgfx::GestureEvent&)	0	static
../TouchGFX_App/touchgfx/framework/include/touchgfx/Drawable.hpp:490:18:virtual void touchgfx::Drawable::handleDragEvent(const touchgfx::DragEvent&)	0	static
../TouchGFX_App/touchgfx/framework/include/touchgfx/Drawable.hpp:501:18:virtual void touchgfx::Drawable::handleTickEvent()	0	static
../TouchGFX_App/touchgfx/framework/include/touchgfx/Drawable.hpp:588:18:virtual void touchgfx::Drawable::moveTo(int16_t, int16_t)	4	static
../TouchGFX_App/touchgfx/framework/include/touchgfx/Drawable.hpp:703:18:virtual void touchgfx::Drawable::setupDrawChain(const touchgfx::Rect&, touchgfx::Drawable**)	0	static
../TouchGFX_App/touchgfx/framework/include/touchgfx/containers/Container.hpp:165:23:virtual touchgfx::Drawable* touchgfx::Container::getFirstChild()	0	static
../TouchGFX_App/touchgfx/framework/include/touchgfx/widgets/TextArea.hpp:48:18:virtual void touchgfx::TextArea::setWidth(int16_t)	32	static
../TouchGFX_App/touchgfx/framework/include/touchgfx/widgets/TextArea.hpp:54:18:virtual void touchgfx::TextArea::setHeight(int16_t)	32	static
../TouchGFX_App/touchgfx/framework/include/touchgfx/widgets/TextArea.hpp:60:18:virtual touchgfx::Rect touchgfx::TextArea::getSolidRect() const	0	static
../TouchGFX_App/touchgfx/framework/include/touchgfx/widgets/TextArea.hpp:89:18:virtual void touchgfx::TextArea::setAlpha(uint8_t)	0	static
../TouchGFX_App/touchgfx/framework/include/touchgfx/widgets/TextArea.hpp:127:18:virtual void touchgfx::TextArea::setXBaselineY(int16_t, int16_t)	16	static
../TouchGFX_App/touchgfx/framework/include/touchgfx/widgets/TextArea.hpp:403:41:virtual const touchgfx::Unicode::UnicodeChar* touchgfx::TextArea::getWildcard2() const	0	static
../TouchGFX_App/touchgfx/framework/include/touchgfx/widgets/TextAreaWithWildcard.hpp:84:41:virtual const touchgfx::Unicode::UnicodeChar* touchgfx::TextAreaWithOneWildcard::getWildcard1() const	0	static
../TouchGFX_App/touchgfx/framework/source/touchgfx/containers/progress_indicators/TextProgress.cpp:38:18:virtual const touchgfx::TypedText& touchgfx::TextProgress::getTypedText() const	0	static
../TouchGFX_App/touchgfx/framework/source/touchgfx/containers/progress_indicators/TextProgress.cpp:43:6:virtual void touchgfx::TextProgress::setColor(touchgfx::colortype)	0	static
../TouchGFX_App/touchgfx/framework/source/touchgfx/containers/progress_indicators/TextProgress.cpp:48:11:virtual touchgfx::colortype touchgfx::TextProgress::getColor() const	0	static
../TouchGFX_App/touchgfx/framework/source/touchgfx/containers/progress_indicators/TextProgress.cpp:77:6:virtual void touchgfx::TextProgress::setNumberOfDecimals(uint16_t)	16	static
../TouchGFX_App/touchgfx/framework/source/touchgfx/containers/progress_indicators/TextProgress.cpp:83:10:virtual uint16_t touchgfx::TextProgress::getNumberOfDecimals() const	0	static
../TouchGFX_App/touchgfx/framework/include/touchgfx/containers/progress_indicators/TextProgress.hpp:34:7:touchgfx::TextProgress::~TextProgress()	0	static
../TouchGFX_App/touchgfx/framework/include/touchgfx/widgets/TextAreaWithWildcard.hpp:62:7:touchgfx::TextAreaWithOneWildcard::~TextAreaWithOneWildcard()	0	static
../TouchGFX_App/touchgfx/framework/include/touchgfx/TypedText.hpp:65:13:virtual touchgfx::TypedText::~TypedText()	8	static
../TouchGFX_App/touchgfx/framework/include/touchgfx/widgets/TextAreaWithWildcard.hpp:62:7:virtual touchgfx::TextAreaWithOneWildcard::~TextAreaWithOneWildcard()	8	static
../TouchGFX_App/touchgfx/framework/include/touchgfx/containers/progress_indicators/TextProgress.hpp:34:7:virtual touchgfx::TextProgress::~TextProgress()	8	static
../TouchGFX_App/touchgfx/framework/source/touchgfx/containers/progress_indicators/TextProgress.cpp:33:6:virtual void touchgfx::TextProgress::setTypedText(const touchgfx::TypedText&)	0	static
../TouchGFX_App/touchgfx/framework/source/touchgfx/containers/progress_indicators/TextProgress.cpp:53:6:virtual void touchgfx::TextProgress::setAlpha(uint8_t)	16	static
../TouchGFX_App/touchgfx/framework/include/touchgfx/Drawable.hpp:121:18:virtual void touchgfx::Drawable::invalidateContent() const	0	static
../TouchGFX_App/touchgfx/framework/include/touchgfx/containers/progress_indicators/AbstractProgressIndicator.hpp:270:18:virtual void touchgfx::AbstractProgressIndicator::invalidateContent() const	8	static
../TouchGFX_App/touchgfx/framework/include/touchgfx/widgets/TextAreaWithWildcard.hpp:43:18:virtual void touchgfx::TextAreaWithWildcardBase::invalidateContent() const	8	static
../TouchGFX_App/touchgfx/framework/source/touchgfx/containers/progress_indicators/TextProgress.cpp:59:6:virtual void touchgfx::TextProgress::setValue(int)	40	static
../TouchGFX_App/touchgfx/framework/include/touchgfx/widgets/Widget.hpp:45:18:virtual void touchgfx::Widget::getLastChild(int16_t, int16_t, touchgfx::Drawable**)	0	static
../TouchGFX_App/touchgfx/framework/include/touchgfx/widgets/TextArea.hpp:111:18:virtual void touchgfx::TextArea::setBaselineY(int16_t)	16	static
../TouchGFX_App/touchgfx/framework/include/touchgfx/widgets/TextAreaWithWildcard.hpp:49:36:virtual touchgfx::TextArea::BoundingArea touchgfx::TextAreaWithWildcardBase::calculateBoundingArea() const	0	static
../TouchGFX_App/touchgfx/framework/source/touchgfx/containers/progress_indicators/TextProgress.cpp:26:6:virtual void touchgfx::TextProgress::setProgressIndicatorPosition(int16_t, int16_t, int16_t, int16_t)	32	static
../TouchGFX_App/touchgfx/framework/source/touchgfx/containers/progress_indicators/TextProgress.cpp:17:1:touchgfx::TextProgress::TextProgress()	8	static
