../TouchGFX_App/touchgfx/framework/include/touchgfx/Drawable.hpp:315:18:virtual void touchgfx::Drawable::setX(int16_t)	0	static
../TouchGFX_App/touchgfx/framework/include/touchgfx/Drawable.hpp:327:18:virtual void touchgfx::Drawable::setY(int16_t)	0	static
../TouchGFX_App/touchgfx/framework/include/touchgfx/Drawable.hpp:378:18:virtual void touchgfx::Drawable::childGeometryChanged()	0	static
../TouchGFX_App/touchgfx/framework/include/touchgfx/Drawable.hpp:401:18:virtual void touchgfx::Drawable::handleGestureEvent(const touchgfx::GestureEvent&)	0	static
../TouchGFX_App/touchgfx/framework/include/touchgfx/Drawable.hpp:501:18:virtual void touchgfx::Drawable::handleTickEvent()	0	static
../TouchGFX_App/touchgfx/framework/include/touchgfx/Drawable.hpp:588:18:virtual void touchgfx::Drawable::moveTo(int16_t, int16_t)	4	static
../TouchGFX_App/touchgfx/framework/include/touchgfx/containers/Container.hpp:165:23:virtual touchgfx::Drawable* touchgfx::Container::getFirstChild()	0	static
../TouchGFX_App/touchgfx/framework/include/touchgfx/widgets/graph/AbstractDataGraph.hpp:172:18:virtual void touchgfx::AbstractDataGraph::setAlpha(uint8_t)	0	static
../TouchGFX_App/touchgfx/framework/include/touchgfx/widgets/graph/AbstractDataGraph.hpp:440:18:virtual void touchgfx::AbstractDataGraph::setGraphRangeX(int, int)	4	static
../TouchGFX_App/touchgfx/framework/include/touchgfx/widgets/graph/AbstractDataGraph.hpp:446:18:virtual void touchgfx::AbstractDataGraph::setGraphRangeX(float, float)	4	static
../TouchGFX_App/touchgfx/framework/include/touchgfx/widgets/graph/AbstractDataGraph.hpp:478:18:virtual void touchgfx::AbstractDataGraph::setGraphRangeXAuto(bool, int)	4	static
../TouchGFX_App/touchgfx/framework/include/touchgfx/widgets/graph/AbstractDataGraph.hpp:484:18:virtual void touchgfx::AbstractDataGraph::setGraphRangeXAuto(bool, float)	4	static
../TouchGFX_App/touchgfx/framework/include/touchgfx/widgets/graph/AbstractDataGraph.hpp:507:18:virtual void touchgfx::AbstractDataGraph::setGraphRangeY(int, int)	4	static
../TouchGFX_App/touchgfx/framework/include/touchgfx/widgets/graph/AbstractDataGraph.hpp:515:18:virtual void touchgfx::AbstractDataGraph::setGraphRangeY(float, float)	4	static
../TouchGFX_App/touchgfx/framework/include/touchgfx/widgets/graph/AbstractDataGraph.hpp:543:18:virtual void touchgfx::AbstractDataGraph::setGraphRangeYAuto(bool, int)	4	static
../TouchGFX_App/touchgfx/framework/include/touchgfx/widgets/graph/AbstractDataGraph.hpp:549:18:virtual void touchgfx::AbstractDataGraph::setGraphRangeYAuto(bool, float)	4	static
../TouchGFX_App/touchgfx/framework/include/touchgfx/widgets/graph/AbstractDataGraph.hpp:559:17:virtual int touchgfx::AbstractDataGraph::getGraphRangeXMinAsInt() const	0	static
../TouchGFX_App/touchgfx/framework/include/touchgfx/widgets/graph/AbstractDataGraph.hpp:569:19:virtual float touchgfx::AbstractDataGraph::getGraphRangeXMinAsFloat() const	0	static
../TouchGFX_App/touchgfx/framework/include/touchgfx/widgets/graph/AbstractDataGraph.hpp:583:17:virtual int touchgfx::AbstractDataGraph::getGraphRangeXMinScaled() const	0	static
../TouchGFX_App/touchgfx/framework/include/touchgfx/widgets/graph/AbstractDataGraph.hpp:593:17:virtual int touchgfx::AbstractDataGraph::getGraphRangeXMaxAsInt() const	0	static
../TouchGFX_App/touchgfx/framework/include/touchgfx/widgets/graph/AbstractDataGraph.hpp:603:19:virtual float touchgfx::AbstractDataGraph::getGraphRangeXMaxAsFloat() const	0	static
../TouchGFX_App/touchgfx/framework/include/touchgfx/widgets/graph/AbstractDataGraph.hpp:617:17:virtual int touchgfx::AbstractDataGraph::getGraphRangeXMaxScaled() const	0	static
../TouchGFX_App/touchgfx/framework/include/touchgfx/widgets/graph/AbstractDataGraph.hpp:627:17:virtual int touchgfx::AbstractDataGraph::getGraphRangeYMinAsInt() const	0	static
../TouchGFX_App/touchgfx/framework/include/touchgfx/widgets/graph/AbstractDataGraph.hpp:637:19:virtual float touchgfx::AbstractDataGraph::getGraphRangeYMinAsFloat() const	0	static
../TouchGFX_App/touchgfx/framework/include/touchgfx/widgets/graph/AbstractDataGraph.hpp:649:17:virtual int touchgfx::AbstractDataGraph::getGraphRangeYMinScaled() const	0	static
../TouchGFX_App/touchgfx/framework/include/touchgfx/widgets/graph/AbstractDataGraph.hpp:659:17:virtual int touchgfx::AbstractDataGraph::getGraphRangeYMaxAsInt() const	0	static
../TouchGFX_App/touchgfx/framework/include/touchgfx/widgets/graph/AbstractDataGraph.hpp:669:19:virtual float touchgfx::AbstractDataGraph::getGraphRangeYMaxAsFloat() const	0	static
../TouchGFX_App/touchgfx/framework/include/touchgfx/widgets/graph/AbstractDataGraph.hpp:681:17:virtual int touchgfx::AbstractDataGraph::getGraphRangeYMaxScaled() const	0	static
../TouchGFX_App/touchgfx/framework/include/touchgfx/widgets/graph/AbstractDataGraph.hpp:1360:18:virtual void touchgfx::DynamicDataGraph::setScale(int, bool)	16	static
../TouchGFX_App/touchgfx/framework/include/touchgfx/widgets/graph/AbstractDataGraph.hpp:1373:17:virtual int touchgfx::DynamicDataGraph::getScale() const	0	static
../TouchGFX_App/touchgfx/framework/include/touchgfx/widgets/graph/AbstractDataGraph.hpp:1411:17:virtual int touchgfx::DynamicDataGraph::getGraphRangeXMin() const	0	static
../TouchGFX_App/touchgfx/framework/include/touchgfx/widgets/graph/AbstractDataGraph.hpp:1421:17:virtual int touchgfx::DynamicDataGraph::getGraphRangeXMax() const	0	static
../TouchGFX_App/touchgfx/framework/include/touchgfx/widgets/graph/AbstractDataGraph.hpp:1428:18:virtual void touchgfx::DynamicDataGraph::setGraphRangeXAutoScaled(bool, int)	4	static
../TouchGFX_App/touchgfx/framework/include/touchgfx/widgets/graph/AbstractDataGraph.hpp:1434:5:virtual void touchgfx::DynamicDataGraph::setXAxisScale(int)	0	static
../TouchGFX_App/touchgfx/framework/include/touchgfx/widgets/graph/AbstractDataGraph.hpp:1447:18:virtual void touchgfx::DynamicDataGraph::setXAxisFactor(int)	0	static
../TouchGFX_App/touchgfx/framework/include/touchgfx/widgets/graph/AbstractDataGraph.hpp:1453:5:virtual void touchgfx::DynamicDataGraph::setXAxisScale(float)	0	static
../TouchGFX_App/touchgfx/framework/include/touchgfx/widgets/graph/AbstractDataGraph.hpp:1461:18:virtual void touchgfx::DynamicDataGraph::setXAxisFactor(float)	0	static
../TouchGFX_App/touchgfx/framework/include/touchgfx/widgets/graph/AbstractDataGraph.hpp:1474:18:virtual void touchgfx::DynamicDataGraph::setXAxisFactorScaled(int)	0	static
../TouchGFX_App/touchgfx/framework/include/touchgfx/widgets/graph/AbstractDataGraph.hpp:1480:5:virtual int touchgfx::DynamicDataGraph::getXAxisScaleAsInt() const	0	static
../TouchGFX_App/touchgfx/framework/include/touchgfx/widgets/graph/AbstractDataGraph.hpp:1493:17:virtual int touchgfx::DynamicDataGraph::getXAxisFactorAsInt() const	8	static
../TouchGFX_App/touchgfx/framework/include/touchgfx/widgets/graph/AbstractDataGraph.hpp:1499:5:virtual float touchgfx::DynamicDataGraph::getXAxisScaleAsFloat() const	0	static
../TouchGFX_App/touchgfx/framework/include/touchgfx/widgets/graph/AbstractDataGraph.hpp:1507:19:virtual float touchgfx::DynamicDataGraph::getXAxisFactorAsFloat() const	8	static
../TouchGFX_App/touchgfx/framework/include/touchgfx/widgets/graph/AbstractDataGraph.hpp:1519:17:virtual int touchgfx::DynamicDataGraph::getXAxisFactorScaled() const	0	static
../TouchGFX_App/touchgfx/framework/include/touchgfx/widgets/graph/AbstractDataGraph.hpp:1530:18:virtual void touchgfx::DynamicDataGraph::setXAxisOffset(int)	0	static
../TouchGFX_App/touchgfx/framework/include/touchgfx/widgets/graph/AbstractDataGraph.hpp:1536:18:virtual void touchgfx::DynamicDataGraph::setXAxisOffset(float)	0	static
../TouchGFX_App/touchgfx/framework/include/touchgfx/widgets/graph/AbstractDataGraph.hpp:1551:18:virtual void touchgfx::DynamicDataGraph::setXAxisOffsetScaled(int)	0	static
../TouchGFX_App/touchgfx/framework/include/touchgfx/widgets/graph/AbstractDataGraph.hpp:1562:17:virtual int touchgfx::DynamicDataGraph::getXAxisOffsetAsInt() const	8	static
../TouchGFX_App/touchgfx/framework/include/touchgfx/widgets/graph/AbstractDataGraph.hpp:1568:19:virtual float touchgfx::DynamicDataGraph::getXAxisOffsetAsFloat() const	8	static
../TouchGFX_App/touchgfx/framework/include/touchgfx/widgets/graph/AbstractDataGraph.hpp:1580:17:virtual int touchgfx::DynamicDataGraph::getXAxisOffsetScaled() const	0	static
../TouchGFX_App/touchgfx/framework/include/touchgfx/widgets/graph/AbstractDataGraph.hpp:1630:21:virtual int16_t touchgfx::DynamicDataGraph::dataIndex(int16_t) const	0	static
../TouchGFX_App/touchgfx/framework/include/touchgfx/widgets/graph/AbstractDataGraph.hpp:1648:17:virtual int touchgfx::DynamicDataGraph::indexToXAxis(int, int) const	8	static
../TouchGFX_App/touchgfx/framework/include/touchgfx/widgets/graph/AbstractDataGraph.hpp:1658:17:virtual int touchgfx::DynamicDataGraph::getScaleX() const	0	static
../TouchGFX_App/touchgfx/framework/include/touchgfx/widgets/graph/AbstractDataGraph.hpp:1665:17:virtual int touchgfx::DynamicDataGraph::getScaleY() const	0	static
../TouchGFX_App/touchgfx/framework/include/touchgfx/widgets/graph/AbstractDataGraph.hpp:1671:5:virtual void touchgfx::DynamicDataGraph::setXAxisScaleScaled(int)	0	static
../TouchGFX_App/touchgfx/framework/include/touchgfx/widgets/graph/AbstractDataGraph.hpp:1679:5:virtual int touchgfx::DynamicDataGraph::getXAxisScaleScaled() const	0	static
../TouchGFX_App/touchgfx/framework/include/touchgfx/widgets/graph/AbstractDataGraph.hpp:1686:25:virtual touchgfx::CWRUtil::Q5 touchgfx::DynamicDataGraph::indexToScreenXQ5(int16_t) const	0	static
../TouchGFX_App/touchgfx/framework/include/touchgfx/widgets/graph/AbstractDataGraph.hpp:1691:25:virtual touchgfx::CWRUtil::Q5 touchgfx::DynamicDataGraph::indexToScreenYQ5(int16_t) const	16	static
../TouchGFX_App/touchgfx/framework/source/touchgfx/widgets/graph/GraphWrapAndOverwrite.cpp:24:9:virtual int32_t touchgfx::GraphWrapAndOverwriteData::indexToGlobalIndex(int16_t) const	0	static
../TouchGFX_App/touchgfx/framework/include/touchgfx/widgets/graph/GraphWrapAndOverwrite.hpp:31:7:touchgfx::GraphWrapAndOverwriteData::~GraphWrapAndOverwriteData()	0	static
../TouchGFX_App/touchgfx/framework/source/touchgfx/widgets/graph/GraphWrapAndOverwrite.cpp:18:6:virtual void touchgfx::GraphWrapAndOverwriteData::clear()	8	static
../TouchGFX_App/touchgfx/framework/source/touchgfx/widgets/graph/GraphWrapAndOverwrite.cpp:38:6:virtual void touchgfx::GraphWrapAndOverwriteData::beforeAddValue()	16	static
../TouchGFX_App/touchgfx/framework/source/touchgfx/widgets/graph/GraphWrapAndOverwrite.cpp:60:9:virtual int16_t touchgfx::GraphWrapAndOverwriteData::addValue(int)	24	static
../TouchGFX_App/touchgfx/framework/include/touchgfx/widgets/graph/GraphWrapAndOverwrite.hpp:31:7:virtual touchgfx::GraphWrapAndOverwriteData::~GraphWrapAndOverwriteData()	8	static
../TouchGFX_App/touchgfx/framework/include/touchgfx/widgets/graph/AbstractDataGraph.hpp:1591:17:virtual int touchgfx::DynamicDataGraph::indexToDataPointYScaled(int16_t) const	8	static
../TouchGFX_App/touchgfx/framework/include/touchgfx/widgets/graph/AbstractDataGraph.hpp:1585:17:virtual int touchgfx::DynamicDataGraph::indexToDataPointXScaled(int16_t) const	8	static
../TouchGFX_App/touchgfx/framework/include/touchgfx/widgets/graph/AbstractDataGraph.hpp:1176:18:virtual void touchgfx::AbstractDataGraph::invalidateContent() const	0	static
../TouchGFX_App/touchgfx/framework/include/touchgfx/widgets/canvas/CWRUtil.hpp:828:15:static touchgfx::CWRUtil::Q5 touchgfx::CWRUtil::muldiv_toQ5(int32_t, int32_t, int32_t)	24	static
../TouchGFX_App/touchgfx/framework/include/touchgfx/widgets/graph/AbstractDataGraph.hpp:1282:25:virtual touchgfx::CWRUtil::Q5 touchgfx::AbstractDataGraph::valueToScreenYQ5(int) const	16	static
../TouchGFX_App/touchgfx/framework/include/touchgfx/widgets/graph/AbstractDataGraph.hpp:1270:25:virtual touchgfx::CWRUtil::Q5 touchgfx::AbstractDataGraph::valueToScreenXQ5(int) const	16	static
