../TouchGFX_App/touchgfx/framework/include/touchgfx/Drawable.hpp:147:23:virtual touchgfx::Drawable* touchgfx::Drawable::getFirstChild()	0	static
../TouchGFX_App/touchgfx/framework/include/touchgfx/Drawable.hpp:315:18:virtual void touchgfx::Drawable::setX(int16_t)	0	static
../TouchGFX_App/touchgfx/framework/include/touchgfx/Drawable.hpp:327:18:virtual void touchgfx::Drawable::setY(int16_t)	0	static
../TouchGFX_App/touchgfx/framework/include/touchgfx/Drawable.hpp:356:18:virtual void touchgfx::Drawable::setWidth(int16_t)	0	static
../TouchGFX_App/touchgfx/framework/include/touchgfx/Drawable.hpp:368:18:virtual void touchgfx::Drawable::setHeight(int16_t)	0	static
../TouchGFX_App/touchgfx/framework/include/touchgfx/Drawable.hpp:378:18:virtual void touchgfx::Drawable::childGeometryChanged()	0	static
../TouchGFX_App/touchgfx/framework/include/touchgfx/Drawable.hpp:389:18:virtual void touchgfx::Drawable::handleClickEvent(const touchgfx::ClickEvent&)	0	static
../TouchGFX_App/touchgfx/framework/include/touchgfx/Drawable.hpp:401:18:virtual void touchgfx::Drawable::handleGestureEvent(const touchgfx::GestureEvent&)	0	static
../TouchGFX_App/touchgfx/framework/include/touchgfx/Drawable.hpp:490:18:virtual void touchgfx::Drawable::handleDragEvent(const touchgfx::DragEvent&)	0	static
../TouchGFX_App/touchgfx/framework/include/touchgfx/Drawable.hpp:501:18:virtual void touchgfx::Drawable::handleTickEvent()	0	static
../TouchGFX_App/touchgfx/framework/include/touchgfx/Drawable.hpp:588:18:virtual void touchgfx::Drawable::moveTo(int16_t, int16_t)	4	static
../TouchGFX_App/touchgfx/framework/include/touchgfx/Drawable.hpp:703:18:virtual void touchgfx::Drawable::setupDrawChain(const touchgfx::Rect&, touchgfx::Drawable**)	0	static
../TouchGFX_App/touchgfx/framework/include/touchgfx/containers/Container.hpp:165:23:virtual touchgfx::Drawable* touchgfx::Container::getFirstChild()	0	static
../TouchGFX_App/touchgfx/framework/include/touchgfx/containers/clock/AnalogClock.hpp:174:22:virtual uint16_t touchgfx::AnalogClock::getAnimationDuration()	0	static
../TouchGFX_App/touchgfx/framework/source/touchgfx/containers/clock/AnalogClock.cpp:57:6:virtual void touchgfx::AnalogClock::setRotationCenter(int16_t, int16_t)	0	static
../TouchGFX_App/touchgfx/framework/source/touchgfx/containers/clock/AnalogClock.cpp:63:6:virtual void touchgfx::AnalogClock::setupHourHand(touchgfx::BitmapId, int16_t, int16_t)	24	static
../TouchGFX_App/touchgfx/framework/source/touchgfx/containers/clock/AnalogClock.cpp:68:6:virtual void touchgfx::AnalogClock::setupMinuteHand(touchgfx::BitmapId, int16_t, int16_t)	24	static
../TouchGFX_App/touchgfx/framework/source/touchgfx/containers/clock/AnalogClock.cpp:73:6:virtual void touchgfx::AnalogClock::setupSecondHand(touchgfx::BitmapId, int16_t, int16_t)	24	static
../TouchGFX_App/touchgfx/framework/source/touchgfx/containers/clock/AnalogClock.cpp:95:6:virtual void touchgfx::AnalogClock::initializeTime24Hour(uint8_t, uint8_t, uint8_t)	16	static
../TouchGFX_App/touchgfx/framework/source/touchgfx/containers/clock/AnalogClock.cpp:109:6:virtual void touchgfx::AnalogClock::initializeTime12Hour(uint8_t, uint8_t, uint8_t, bool)	16	static
../TouchGFX_App/touchgfx/framework/source/touchgfx/containers/clock/AnalogClock.cpp:114:6:virtual void touchgfx::AnalogClock::setAlpha(uint8_t)	0	static
../TouchGFX_App/touchgfx/framework/source/touchgfx/containers/clock/AnalogClock.cpp:122:9:virtual uint8_t touchgfx::AnalogClock::getAlpha() const	0	static
../TouchGFX_App/touchgfx/framework/source/touchgfx/containers/clock/AnalogClock.cpp:207:7:virtual float touchgfx::AnalogClock::convertHandValueToAngle(uint8_t, uint8_t, uint8_t) const	0	static
../TouchGFX_App/touchgfx/framework/source/touchgfx/containers/clock/AnalogClock.cpp:218:6:virtual bool touchgfx::AnalogClock::getHourHandMinuteCorrection() const	0	static
../TouchGFX_App/touchgfx/framework/source/touchgfx/containers/clock/AnalogClock.cpp:229:6:virtual bool touchgfx::AnalogClock::getMinuteHandSecondCorrection() const	0	static
../TouchGFX_App/touchgfx/framework/source/touchgfx/containers/clock/AnalogClock.cpp:234:6:virtual bool touchgfx::AnalogClock::animationEnabled() const	0	static
../TouchGFX_App/touchgfx/framework/source/touchgfx/containers/clock/AnalogClock.cpp:239:6:virtual void touchgfx::AnalogClock::setAnimation(uint16_t, touchgfx::EasingEquation)	0	static
../TouchGFX_App/touchgfx/framework/include/touchgfx/containers/clock/AnalogClock.hpp:39:7:touchgfx::AnalogClock::~AnalogClock()	0	static
../TouchGFX_App/touchgfx/framework/include/touchgfx/containers/clock/AnalogClock.hpp:39:7:virtual touchgfx::AnalogClock::~AnalogClock()	8	static
../TouchGFX_App/touchgfx/framework/source/touchgfx/containers/clock/AnalogClock.cpp:44:6:virtual void touchgfx::AnalogClock::setBackground(touchgfx::BitmapId)	32	static
../TouchGFX_App/touchgfx/framework/source/touchgfx/containers/clock/AnalogClock.cpp:212:6:virtual void touchgfx::AnalogClock::setHourHandMinuteCorrection(bool)	24	static
../TouchGFX_App/touchgfx/framework/source/touchgfx/containers/clock/AnalogClock.cpp:223:6:virtual void touchgfx::AnalogClock::setMinuteHandSecondCorrection(bool)	24	static
../TouchGFX_App/touchgfx/framework/include/touchgfx/Drawable.hpp:121:18:virtual void touchgfx::Drawable::invalidateContent() const	0	static
../TouchGFX_App/touchgfx/framework/include/touchgfx/containers/clock/AnalogClock.hpp:219:18:virtual void touchgfx::AnalogClock::invalidateContent() const	8	static
../TouchGFX_App/touchgfx/framework/include/touchgfx/widgets/Widget.hpp:45:18:virtual void touchgfx::Widget::getLastChild(int16_t, int16_t, touchgfx::Drawable**)	0	static
../TouchGFX_App/touchgfx/framework/include/touchgfx/Drawable.hpp:413:10:void touchgfx::Drawable::setWidthHeight(int16_t, int16_t)	16	static
../TouchGFX_App/touchgfx/framework/source/touchgfx/containers/clock/AnalogClock.cpp:78:6:virtual void touchgfx::AnalogClock::setupHand(touchgfx::TextureMapper&, touchgfx::BitmapId, int16_t, int16_t)	40	static
../TouchGFX_App/touchgfx/framework/source/touchgfx/containers/clock/AnalogClock.cpp:49:6:virtual void touchgfx::AnalogClock::setBackground(touchgfx::BitmapId, int16_t, int16_t)	24	static
../TouchGFX_App/touchgfx/framework/include/touchgfx/widgets/TextureMapper.hpp:216:18:virtual void touchgfx::TextureMapper::updateZAngle(float)	0	static
../TouchGFX_App/touchgfx/framework/source/touchgfx/containers/clock/AnalogClock.cpp:127:6:virtual void touchgfx::AnalogClock::updateClock()	32	static
../TouchGFX_App/touchgfx/framework/source/touchgfx/containers/clock/AnalogClock.cpp:17:1:touchgfx::AnalogClock::AnalogClock()	48	static
