../TouchGFX_App/touchgfx/framework/include/touchgfx/Drawable.hpp:147:23:virtual touchgfx::Drawable* touchgfx::Drawable::getFirstChild()	0	static
../TouchGFX_App/touchgfx/framework/include/touchgfx/Drawable.hpp:315:18:virtual void touchgfx::Drawable::setX(int16_t)	0	static
../TouchGFX_App/touchgfx/framework/include/touchgfx/Drawable.hpp:327:18:virtual void touchgfx::Drawable::setY(int16_t)	0	static
../TouchGFX_App/touchgfx/framework/include/touchgfx/Drawable.hpp:356:18:virtual void touchgfx::Drawable::setWidth(int16_t)	0	static
../TouchGFX_App/touchgfx/framework/include/touchgfx/Drawable.hpp:368:18:virtual void touchgfx::Drawable::setHeight(int16_t)	0	static
../TouchGFX_App/touchgfx/framework/include/touchgfx/Drawable.hpp:378:18:virtual void touchgfx::Drawable::childGeometryChanged()	0	static
../TouchGFX_App/touchgfx/framework/include/touchgfx/Drawable.hpp:389:18:virtual void touchgfx::Drawable::handleClickEvent(const touchgfx::ClickEvent&)	0	static
../TouchGFX_App/touchgfx/framework/include/touchgfx/Drawable.hpp:401:18:virtual void touchgfx::Drawable::handleGestureEvent(const touchgfx::GestureEvent&)	0	static
../TouchGFX_App/touchgfx/framework/include/touchgfx/Drawable.hpp:490:18:virtual void touchgfx::Drawable::handleDragEvent(const touchgfx::DragEvent&)	0	static
../TouchGFX_App/touchgfx/framework/include/touchgfx/Drawable.hpp:501:18:virtual void touchgfx::Drawable::handleTickEvent()	0	static
../TouchGFX_App/touchgfx/framework/include/touchgfx/Drawable.hpp:588:18:virtual void touchgfx::Drawable::moveTo(int16_t, int16_t)	4	static
../TouchGFX_App/touchgfx/framework/include/touchgfx/Drawable.hpp:703:18:virtual void touchgfx::Drawable::setupDrawChain(const touchgfx::Rect&, touchgfx::Drawable**)	0	static
../TouchGFX_App/touchgfx/framework/include/touchgfx/widgets/canvas/CanvasWidget.hpp:66:18:virtual void touchgfx::CanvasWidget::setAlpha(uint8_t)	0	static
../TouchGFX_App/touchgfx/framework/include/touchgfx/widgets/canvas/CanvasWidget.hpp:72:21:virtual uint8_t touchgfx::CanvasWidget::getAlpha() const	0	static
../TouchGFX_App/touchgfx/framework/include/touchgfx/widgets/canvas/CanvasWidget.hpp:134:18:virtual touchgfx::Rect touchgfx::CanvasWidget::getSolidRect() const	0	static
../TouchGFX_App/touchgfx/framework/source/touchgfx/widgets/canvas/Line.cpp:282:6:virtual touchgfx::Rect touchgfx::Line::getMinimalRect() const	0	static
../TouchGFX_App/touchgfx/framework/include/touchgfx/widgets/canvas/Line.hpp:50:7:touchgfx::Line::~Line()	0	static
../TouchGFX_App/touchgfx/framework/include/touchgfx/widgets/canvas/Line.hpp:50:7:virtual touchgfx::Line::~Line()	8	static
../TouchGFX_App/touchgfx/framework/include/touchgfx/widgets/Widget.hpp:45:18:virtual void touchgfx::Widget::getLastChild(int16_t, int16_t, touchgfx::Drawable**)	0	static
../TouchGFX_App/touchgfx/framework/include/touchgfx/widgets/canvas/CWRUtil.hpp:290:13:int touchgfx::CWRUtil::Q5::ceil() const	0	static
../TouchGFX_App/touchgfx/framework/source/touchgfx/widgets/canvas/Line.cpp:292:6:virtual void touchgfx::Line::invalidateContent() const	64	static
../TouchGFX_App/touchgfx/framework/include/touchgfx/widgets/canvas/CWRUtil.hpp:183:12:touchgfx::CWRUtil::Q5 touchgfx::CWRUtil::Q5::operator*(const touchgfx::CWRUtil::Q15&) const	16	static
../TouchGFX_App/touchgfx/framework/include/touchgfx/hal/Types.hpp:230:10:void touchgfx::Rect::operator&=(const touchgfx::Rect&)	32	static
../TouchGFX_App/touchgfx/framework/include/touchgfx/widgets/canvas/CWRUtil.hpp:551:16:static touchgfx::CWRUtil::Q15 touchgfx::CWRUtil::sine(int)	0	static
../TouchGFX_App/touchgfx/framework/include/touchgfx/widgets/canvas/CWRUtil.hpp:598:16:static touchgfx::CWRUtil::Q15 touchgfx::CWRUtil::sine(Q5)	24	static
../TouchGFX_App/touchgfx/framework/include/touchgfx/widgets/canvas/CWRUtil.hpp:902:21:static uint32_t touchgfx::CWRUtil::isqrt(uint32_t)	0	static
../TouchGFX_App/touchgfx/framework/include/touchgfx/widgets/canvas/CWRUtil.hpp:788:15:static touchgfx::CWRUtil::Q5 touchgfx::CWRUtil::length(Q5, Q5)	8	static
../TouchGFX_App/touchgfx/framework/include/touchgfx/widgets/canvas/CWRUtil.hpp:656:19:static int8_t touchgfx::CWRUtil::arcsine(Q10)	8	static
../TouchGFX_App/touchgfx/framework/include/touchgfx/widgets/canvas/CWRUtil.hpp:882:16:static int touchgfx::CWRUtil::_angle(Q5, Q5, Q5&)	24	static
../TouchGFX_App/touchgfx/framework/source/touchgfx/widgets/canvas/Line.cpp:19:1:touchgfx::Line::Line()	8	static
../TouchGFX_App/touchgfx/framework/source/touchgfx/widgets/canvas/Line.cpp:96:25:touchgfx::Line::LINE_ENDING_STYLE touchgfx::Line::getLineEndingStyle() const	0	static
../TouchGFX_App/touchgfx/framework/source/touchgfx/widgets/canvas/Line.cpp:101:6:void touchgfx::Line::setCapPrecision(int)	0	static
../TouchGFX_App/touchgfx/framework/source/touchgfx/widgets/canvas/Line.cpp:145:6:void touchgfx::Line::updateCachedShape()	24	static
../TouchGFX_App/touchgfx/framework/source/touchgfx/widgets/canvas/Line.cpp:30:6:void touchgfx::Line::setStart(touchgfx::CWRUtil::Q5, touchgfx::CWRUtil::Q5)	0	static
../TouchGFX_App/touchgfx/framework/source/touchgfx/widgets/canvas/Line.cpp:43:6:void touchgfx::Line::updateStart(touchgfx::CWRUtil::Q5, touchgfx::CWRUtil::Q5)	16	static
../TouchGFX_App/touchgfx/framework/source/touchgfx/widgets/canvas/Line.cpp:60:6:void touchgfx::Line::setEnd(touchgfx::CWRUtil::Q5, touchgfx::CWRUtil::Q5)	0	static
../TouchGFX_App/touchgfx/framework/source/touchgfx/widgets/canvas/Line.cpp:73:6:void touchgfx::Line::updateEnd(touchgfx::CWRUtil::Q5, touchgfx::CWRUtil::Q5)	16	static
../TouchGFX_App/touchgfx/framework/source/touchgfx/widgets/canvas/Line.cpp:90:6:void touchgfx::Line::setLineEndingStyle(LINE_ENDING_STYLE)	0	static
../TouchGFX_App/touchgfx/framework/source/touchgfx/widgets/canvas/Line.cpp:271:16:touchgfx::Rect touchgfx::Line::rectContainingPoints(const touchgfx::Rect&, touchgfx::CWRUtil::Q5, touchgfx::CWRUtil::Q5, touchgfx::CWRUtil::Q5, touchgfx::CWRUtil::Q5, touchgfx::CWRUtil::Q5, touchgfx::CWRUtil::Q5) const	40	static
../TouchGFX_App/touchgfx/framework/source/touchgfx/widgets/canvas/Line.cpp:287:6:void touchgfx::Line::updateLengthAndAngle(touchgfx::CWRUtil::Q5, touchgfx::CWRUtil::Q5)	24	static
../TouchGFX_App/touchgfx/framework/source/touchgfx/widgets/canvas/Line.cpp:114:6:virtual bool touchgfx::Line::drawCanvasWidget(const touchgfx::Rect&) const	144	static
