../TouchGFX_App/touchgfx/framework/include/touchgfx/widgets/canvas/AbstractPainterBitmap.hpp:89:18:virtual void touchgfx::AbstractPainterBitmap::setTiled(bool)	0	static
../TouchGFX_App/touchgfx/framework/include/touchgfx/widgets/canvas/AbstractPainterBitmap.hpp:113:18:virtual void touchgfx::AbstractPainterBitmap::setOffset(int16_t, int16_t)	0	static
../TouchGFX_App/touchgfx/framework/include/touchgfx/widgets/canvas/PainterRGB888Bitmap.hpp:65:34:virtual touchgfx::HAL::RenderingMethod touchgfx::PainterRGB888Bitmap::getRenderingMethod() const	8	static
../TouchGFX_App/touchgfx/framework/include/touchgfx/widgets/canvas/PainterRGB888Bitmap.hpp:36:7:touchgfx::PainterRGB888Bitmap::~PainterRGB888Bitmap()	0	static
../TouchGFX_App/touchgfx/framework/source/touchgfx/widgets/canvas/PainterRGB888Bitmap.cpp:28:6:virtual void touchgfx::PainterRGB888Bitmap::paint(uint8_t*, int16_t, int16_t, int16_t, int16_t, uint8_t) const	32	static
../TouchGFX_App/touchgfx/framework/source/touchgfx/widgets/canvas/PainterRGB888Bitmap.cpp:69:6:virtual void touchgfx::PainterRGB888Bitmap::tearDown() const	0	static
../TouchGFX_App/touchgfx/framework/include/touchgfx/widgets/canvas/PainterRGB888Bitmap.hpp:36:7:virtual touchgfx::PainterRGB888Bitmap::~PainterRGB888Bitmap()	8	static
../TouchGFX_App/touchgfx/framework/include/touchgfx/widgets/canvas/PainterRGB888Bitmap.hpp:36:7:virtual void* touchgfx::PainterRGB888Bitmap::_ZThn8_N8touchgfx19PainterRGB888BitmapD1Ev()	0	static
../TouchGFX_App/touchgfx/framework/include/touchgfx/Bitmap.hpp:142:14:touchgfx::BitmapId touchgfx::Bitmap::getId() const	8	static
../TouchGFX_App/touchgfx/framework/source/touchgfx/widgets/canvas/PainterRGB888Bitmap.cpp:21:6:virtual void touchgfx::PainterRGB888Bitmap::setBitmap(const touchgfx::Bitmap&)	24	static
../TouchGFX_App/touchgfx/framework/include/touchgfx/widgets/canvas/PainterRGB888Bitmap.hpp:51:18:virtual bool touchgfx::PainterRGB888Bitmap::setup(const touchgfx::Rect&) const	16	static
