../TouchGFX_App/touchgfx/framework/include/touchgfx/widgets/canvas/AbstractPainter.hpp:61:34:virtual touchgfx::HAL::RenderingMethod touchgfx::AbstractPainter::getRenderingMethod() const	0	static
../TouchGFX_App/touchgfx/framework/include/touchgfx/widgets/canvas/AbstractPainter.hpp:90:18:virtual void touchgfx::AbstractPainter::tearDown() const	0	static
../TouchGFX_App/touchgfx/framework/include/touchgfx/widgets/canvas/AbstractPainterBitmap.hpp:89:18:virtual void touchgfx::AbstractPainterBitmap::setTiled(bool)	0	static
../TouchGFX_App/touchgfx/framework/include/touchgfx/widgets/canvas/AbstractPainterBitmap.hpp:113:18:virtual void touchgfx::AbstractPainterBitmap::setOffset(int16_t, int16_t)	0	static
../TouchGFX_App/touchgfx/framework/source/touchgfx/widgets/canvas/PainterBGRA2222Bitmap.cpp:27:6:virtual void touchgfx::PainterBGRA2222Bitmap::paint(uint8_t*, int16_t, int16_t, int16_t, int16_t, uint8_t) const	56	static
../TouchGFX_App/touchgfx/framework/include/touchgfx/widgets/canvas/PainterBGRA2222Bitmap.hpp:36:7:touchgfx::PainterBGRA2222Bitmap::~PainterBGRA2222Bitmap()	0	static
../TouchGFX_App/touchgfx/framework/include/touchgfx/widgets/canvas/PainterBGRA2222Bitmap.hpp:36:7:virtual touchgfx::PainterBGRA2222Bitmap::~PainterBGRA2222Bitmap()	8	static
../TouchGFX_App/touchgfx/framework/include/touchgfx/widgets/canvas/PainterBGRA2222Bitmap.hpp:36:7:virtual void* touchgfx::PainterBGRA2222Bitmap::_ZThn8_N8touchgfx21PainterBGRA2222BitmapD1Ev()	0	static
../TouchGFX_App/touchgfx/framework/include/touchgfx/Bitmap.hpp:142:14:touchgfx::BitmapId touchgfx::Bitmap::getId() const	8	static
../TouchGFX_App/touchgfx/framework/source/touchgfx/widgets/canvas/PainterBGRA2222Bitmap.cpp:20:6:virtual void touchgfx::PainterBGRA2222Bitmap::setBitmap(const touchgfx::Bitmap&)	24	static
../TouchGFX_App/touchgfx/framework/include/touchgfx/widgets/canvas/PainterBGRA2222Bitmap.hpp:51:18:virtual bool touchgfx::PainterBGRA2222Bitmap::setup(const touchgfx::Rect&) const	16	static
