../TouchGFX_App/touchgfx/framework/include/touchgfx/widgets/canvas/AbstractPainter.hpp:61:34:virtual touchgfx::HAL::RenderingMethod touchgfx::AbstractPainter::getRenderingMethod() const	0	static
../TouchGFX_App/touchgfx/framework/include/touchgfx/widgets/canvas/AbstractPainter.hpp:78:18:virtual bool touchgfx::AbstractPainter::setup(const touchgfx::Rect&) const	0	static
../TouchGFX_App/touchgfx/framework/include/touchgfx/widgets/canvas/AbstractPainter.hpp:90:18:virtual void touchgfx::AbstractPainter::tearDown() const	0	static
../TouchGFX_App/touchgfx/framework/include/touchgfx/widgets/canvas/PainterBW.hpp:48:18:virtual void touchgfx::PainterBW::setColor(touchgfx::colortype)	8	static
../TouchGFX_App/touchgfx/framework/source/touchgfx/widgets/canvas/PainterBW.cpp:17:6:virtual void touchgfx::PainterBW::paint(uint8_t*, int16_t, int16_t, int16_t, int16_t, uint8_t) const	20	static
../TouchGFX_App/touchgfx/framework/include/touchgfx/widgets/canvas/PainterBW.hpp:35:7:touchgfx::PainterBW::~PainterBW()	0	static
../TouchGFX_App/touchgfx/framework/include/touchgfx/widgets/canvas/PainterBW.hpp:35:7:virtual touchgfx::PainterBW::~PainterBW()	8	static
../TouchGFX_App/touchgfx/framework/include/touchgfx/widgets/canvas/PainterBW.hpp:35:7:virtual void* touchgfx::PainterBW::_ZThn8_N8touchgfx9PainterBWD1Ev()	0	static
