../TouchGFX_App/touchgfx/framework/include/touchgfx/Drawable.hpp:147:23:virtual touchgfx::Drawable* touchgfx::Drawable::getFirstChild()	0	static
../TouchGFX_App/touchgfx/framework/include/touchgfx/Drawable.hpp:315:18:virtual void touchgfx::Drawable::setX(int16_t)	0	static
../TouchGFX_App/touchgfx/framework/include/touchgfx/Drawable.hpp:327:18:virtual void touchgfx::Drawable::setY(int16_t)	0	static
../TouchGFX_App/touchgfx/framework/include/touchgfx/Drawable.hpp:356:18:virtual void touchgfx::Drawable::setWidth(int16_t)	0	static
../TouchGFX_App/touchgfx/framework/include/touchgfx/Drawable.hpp:368:18:virtual void touchgfx::Drawable::setHeight(int16_t)	0	static
../TouchGFX_App/touchgfx/framework/include/touchgfx/Drawable.hpp:378:18:virtual void touchgfx::Drawable::childGeometryChanged()	0	static
../TouchGFX_App/touchgfx/framework/include/touchgfx/Drawable.hpp:389:18:virtual void touchgfx::Drawable::handleClickEvent(const touchgfx::ClickEvent&)	0	static
../TouchGFX_App/touchgfx/framework/include/touchgfx/Drawable.hpp:401:18:virtual void touchgfx::Drawable::handleGestureEvent(const touchgfx::GestureEvent&)	0	static
../TouchGFX_App/touchgfx/framework/include/touchgfx/Drawable.hpp:490:18:virtual void touchgfx::Drawable::handleDragEvent(const touchgfx::DragEvent&)	0	static
../TouchGFX_App/touchgfx/framework/include/touchgfx/Drawable.hpp:588:18:virtual void touchgfx::Drawable::moveTo(int16_t, int16_t)	4	static
../TouchGFX_App/touchgfx/framework/include/touchgfx/Drawable.hpp:703:18:virtual void touchgfx::Drawable::setupDrawChain(const touchgfx::Rect&, touchgfx::Drawable**)	0	static
../TouchGFX_App/touchgfx/framework/include/touchgfx/widgets/AnimatedImage.hpp:33:7:touchgfx::AnimatedImage::~AnimatedImage()	0	static
../TouchGFX_App/touchgfx/framework/source/touchgfx/widgets/AnimatedImage.cpp:95:6:virtual void touchgfx::AnimatedImage::stopAnimation()	16	static
../TouchGFX_App/touchgfx/framework/source/touchgfx/widgets/AnimatedImage.cpp:74:6:virtual void touchgfx::AnimatedImage::startAnimation(bool, bool, bool)	32	static
../TouchGFX_App/touchgfx/framework/include/touchgfx/widgets/AnimatedImage.hpp:33:7:virtual touchgfx::AnimatedImage::~AnimatedImage()	8	static
../TouchGFX_App/touchgfx/framework/include/touchgfx/widgets/Widget.hpp:45:18:virtual void touchgfx::Widget::getLastChild(int16_t, int16_t, touchgfx::Drawable**)	0	static
../TouchGFX_App/touchgfx/framework/source/touchgfx/widgets/AnimatedImage.cpp:113:6:virtual void touchgfx::AnimatedImage::pauseAnimation()	8	static
../TouchGFX_App/touchgfx/framework/include/touchgfx/widgets/Image.hpp:118:18:virtual void touchgfx::Image::invalidateContent() const	0	static
../TouchGFX_App/touchgfx/framework/include/touchgfx/Bitmap.hpp:142:14:touchgfx::BitmapId touchgfx::Bitmap::getId() const	8	static
../TouchGFX_App/touchgfx/framework/source/touchgfx/widgets/AnimatedImage.cpp:127:6:virtual void touchgfx::AnimatedImage::setBitmap(const touchgfx::Bitmap&)	16	static
../TouchGFX_App/touchgfx/framework/source/touchgfx/widgets/AnimatedImage.cpp:133:6:virtual void touchgfx::AnimatedImage::setBitmapEnd(const touchgfx::Bitmap&)	8	static
../TouchGFX_App/touchgfx/framework/source/touchgfx/widgets/AnimatedImage.cpp:18:6:virtual void touchgfx::AnimatedImage::handleTickEvent()	24	static
../TouchGFX_App/touchgfx/framework/source/touchgfx/widgets/AnimatedImage.cpp:138:6:void touchgfx::AnimatedImage::setBitmaps(touchgfx::BitmapId, touchgfx::BitmapId)	24	static
../TouchGFX_App/touchgfx/framework/source/touchgfx/widgets/AnimatedImage.cpp:144:6:void touchgfx::AnimatedImage::setUpdateTicksInterval(uint8_t)	0	static
