../TouchGFX_App/touchgfx/framework/include/touchgfx/Drawable.hpp:147:23:virtual touchgfx::Drawable* touchgfx::Drawable::getFirstChild()	0	static
../TouchGFX_App/touchgfx/framework/include/touchgfx/Drawable.hpp:315:18:virtual void touchgfx::Drawable::setX(int16_t)	0	static
../TouchGFX_App/touchgfx/framework/include/touchgfx/Drawable.hpp:327:18:virtual void touchgfx::Drawable::setY(int16_t)	0	static
../TouchGFX_App/touchgfx/framework/include/touchgfx/Drawable.hpp:378:18:virtual void touchgfx::Drawable::childGeometryChanged()	0	static
../TouchGFX_App/touchgfx/framework/include/touchgfx/Drawable.hpp:389:18:virtual void touchgfx::Drawable::handleClickEvent(const touchgfx::ClickEvent&)	0	static
../TouchGFX_App/touchgfx/framework/include/touchgfx/Drawable.hpp:401:18:virtual void touchgfx::Drawable::handleGestureEvent(const touchgfx::GestureEvent&)	0	static
../TouchGFX_App/touchgfx/framework/include/touchgfx/Drawable.hpp:490:18:virtual void touchgfx::Drawable::handleDragEvent(const touchgfx::DragEvent&)	0	static
../TouchGFX_App/touchgfx/framework/include/touchgfx/Drawable.hpp:501:18:virtual void touchgfx::Drawable::handleTickEvent()	0	static
../TouchGFX_App/touchgfx/framework/include/touchgfx/Drawable.hpp:588:18:virtual void touchgfx::Drawable::moveTo(int16_t, int16_t)	4	static
../TouchGFX_App/touchgfx/framework/include/touchgfx/Drawable.hpp:703:18:virtual void touchgfx::Drawable::setupDrawChain(const touchgfx::Rect&, touchgfx::Drawable**)	0	static
../TouchGFX_App/touchgfx/framework/include/touchgfx/widgets/TextArea.hpp:48:18:virtual void touchgfx::TextArea::setWidth(int16_t)	32	static
../TouchGFX_App/touchgfx/framework/include/touchgfx/widgets/TextArea.hpp:54:18:virtual void touchgfx::TextArea::setHeight(int16_t)	32	static
../TouchGFX_App/touchgfx/framework/include/touchgfx/widgets/TextArea.hpp:60:18:virtual touchgfx::Rect touchgfx::TextArea::getSolidRect() const	0	static
../TouchGFX_App/touchgfx/framework/include/touchgfx/widgets/TextArea.hpp:89:18:virtual void touchgfx::TextArea::setAlpha(uint8_t)	0	static
../TouchGFX_App/touchgfx/framework/include/touchgfx/widgets/TextArea.hpp:127:18:virtual void touchgfx::TextArea::setXBaselineY(int16_t, int16_t)	16	static
../TouchGFX_App/touchgfx/framework/include/touchgfx/widgets/TextArea.hpp:391:41:virtual const touchgfx::Unicode::UnicodeChar* touchgfx::TextArea::getWildcard1() const	0	static
../TouchGFX_App/touchgfx/framework/include/touchgfx/widgets/TextArea.hpp:403:41:virtual const touchgfx::Unicode::UnicodeChar* touchgfx::TextArea::getWildcard2() const	0	static
../TouchGFX_App/touchgfx/framework/include/touchgfx/widgets/TextArea.hpp:40:7:touchgfx::TextArea::~TextArea()	0	static
../TouchGFX_App/touchgfx/framework/source/touchgfx/widgets/TextArea.cpp:30:9:virtual int16_t touchgfx::TextArea::getTextHeight() const	24	static
../TouchGFX_App/touchgfx/framework/source/touchgfx/widgets/TextArea.cpp:35:10:virtual uint16_t touchgfx::TextArea::getTextWidth() const	40	static
../TouchGFX_App/touchgfx/framework/source/touchgfx/widgets/TextArea.cpp:189:9:) const	148	static
../TouchGFX_App/touchgfx/framework/source/touchgfx/widgets/TextArea.cpp:226:24:virtual touchgfx::TextArea::BoundingArea touchgfx::TextArea::calculateBoundingArea() const	264	static
../TouchGFX_App/touchgfx/framework/include/touchgfx/widgets/TextArea.hpp:40:7:virtual touchgfx::TextArea::~TextArea()	8	static
../TouchGFX_App/touchgfx/framework/include/touchgfx/widgets/Widget.hpp:45:18:virtual void touchgfx::Widget::getLastChild(int16_t, int16_t, touchgfx::Drawable**)	0	static
../TouchGFX_App/touchgfx/framework/source/touchgfx/widgets/TextArea.cpp:21:11:virtual touchgfx::Alignment touchgfx::TextArea::getAlignment() const	8	static
../TouchGFX_App/touchgfx/framework/include/touchgfx/widgets/TextArea.hpp:111:18:virtual void touchgfx::TextArea::setBaselineY(int16_t)	16	static
../TouchGFX_App/touchgfx/framework/source/touchgfx/widgets/TextArea.cpp:211:6:virtual void touchgfx::TextArea::invalidateContent() const	16	static
../TouchGFX_App/touchgfx/framework/include/touchgfx/hal/Types.hpp:230:10:void touchgfx::Rect::operator&=(const touchgfx::Rect&)	32	static
../TouchGFX_App/touchgfx/framework/source/touchgfx/widgets/TextArea.cpp:40:6:virtual void touchgfx::TextArea::draw(const touchgfx::Rect&) const	88	static
../TouchGFX_App/touchgfx/framework/include/touchgfx/Drawable.hpp:413:10:void touchgfx::Drawable::setWidthHeight(int16_t, int16_t)	16	static
../TouchGFX_App/touchgfx/framework/source/touchgfx/widgets/TextArea.cpp:73:6:void touchgfx::TextArea::resizeToCurrentText()	16	static
../TouchGFX_App/touchgfx/framework/source/touchgfx/widgets/TextArea.cpp:61:6:void touchgfx::TextArea::setTypedText(const touchgfx::TypedText&)	32	static
../TouchGFX_App/touchgfx/framework/source/touchgfx/widgets/TextArea.cpp:90:6:void touchgfx::TextArea::resizeToCurrentTextWithAlignment()	32	static
../TouchGFX_App/touchgfx/framework/source/touchgfx/widgets/TextArea.cpp:148:6:void touchgfx::TextArea::resizeHeightToCurrentText()	8	static
../TouchGFX_App/touchgfx/framework/source/touchgfx/widgets/TextArea.cpp:164:6:void touchgfx::TextArea::resizeHeightToCurrentTextWithRotation()	16	static
