../TouchGFX_App/touchgfx/framework/include/touchgfx/Drawable.hpp:147:23:virtual touchgfx::Drawable* touchgfx::Drawable::getFirstChild()	0	static
../TouchGFX_App/touchgfx/framework/include/touchgfx/Drawable.hpp:315:18:virtual void touchgfx::Drawable::setX(int16_t)	0	static
../TouchGFX_App/touchgfx/framework/include/touchgfx/Drawable.hpp:327:18:virtual void touchgfx::Drawable::setY(int16_t)	0	static
../TouchGFX_App/touchgfx/framework/include/touchgfx/Drawable.hpp:356:18:virtual void touchgfx::Drawable::setWidth(int16_t)	0	static
../TouchGFX_App/touchgfx/framework/include/touchgfx/Drawable.hpp:368:18:virtual void touchgfx::Drawable::setHeight(int16_t)	0	static
../TouchGFX_App/touchgfx/framework/include/touchgfx/Drawable.hpp:378:18:virtual void touchgfx::Drawable::childGeometryChanged()	0	static
../TouchGFX_App/touchgfx/framework/include/touchgfx/Drawable.hpp:389:18:virtual void touchgfx::Drawable::handleClickEvent(const touchgfx::ClickEvent&)	0	static
../TouchGFX_App/touchgfx/framework/include/touchgfx/Drawable.hpp:401:18:virtual void touchgfx::Drawable::handleGestureEvent(const touchgfx::GestureEvent&)	0	static
../TouchGFX_App/touchgfx/framework/include/touchgfx/Drawable.hpp:490:18:virtual void touchgfx::Drawable::handleDragEvent(const touchgfx::DragEvent&)	0	static
../TouchGFX_App/touchgfx/framework/include/touchgfx/Drawable.hpp:501:18:virtual void touchgfx::Drawable::handleTickEvent()	0	static
../TouchGFX_App/touchgfx/framework/include/touchgfx/Drawable.hpp:588:18:virtual void touchgfx::Drawable::moveTo(int16_t, int16_t)	4	static
../TouchGFX_App/touchgfx/framework/include/touchgfx/Drawable.hpp:703:18:virtual void touchgfx::Drawable::setupDrawChain(const touchgfx::Rect&, touchgfx::Drawable**)	0	static
../TouchGFX_App/touchgfx/framework/source/touchgfx/widgets/VideoWidget.cpp:29:1:touchgfx::VideoWidget::~VideoWidget()	8	static
../TouchGFX_App/touchgfx/framework/source/touchgfx/widgets/VideoWidget.cpp:29:1:virtual touchgfx::VideoWidget::~VideoWidget()	8	static
../TouchGFX_App/touchgfx/framework/include/touchgfx/Drawable.hpp:121:18:virtual void touchgfx::Drawable::invalidateContent() const	0	static
../TouchGFX_App/touchgfx/framework/source/touchgfx/widgets/VideoWidget.cpp:77:6:virtual void touchgfx::VideoWidget::handleTickEvent()	8	static
../TouchGFX_App/touchgfx/framework/include/touchgfx/widgets/Widget.hpp:45:18:virtual void touchgfx::Widget::getLastChild(int16_t, int16_t, touchgfx::Drawable**)	0	static
../TouchGFX_App/touchgfx/framework/source/touchgfx/widgets/VideoWidget.cpp:90:6:virtual touchgfx::Rect touchgfx::VideoWidget::getSolidRect() const	8	static
../TouchGFX_App/touchgfx/framework/include/touchgfx/hal/Types.hpp:230:10:void touchgfx::Rect::operator&=(const touchgfx::Rect&)	32	static
../TouchGFX_App/touchgfx/framework/source/touchgfx/widgets/VideoWidget.cpp:108:6:virtual void touchgfx::VideoWidget::draw(const touchgfx::Rect&) const	56	static
../TouchGFX_App/touchgfx/framework/source/touchgfx/widgets/VideoWidget.cpp:20:1:touchgfx::VideoWidget::VideoWidget()	8	static
../TouchGFX_App/touchgfx/framework/source/touchgfx/widgets/VideoWidget.cpp:35:6:void touchgfx::VideoWidget::play() const	16	static
../TouchGFX_App/touchgfx/framework/source/touchgfx/widgets/VideoWidget.cpp:40:6:void touchgfx::VideoWidget::pause() const	16	static
../TouchGFX_App/touchgfx/framework/source/touchgfx/widgets/VideoWidget.cpp:45:6:void touchgfx::VideoWidget::stop() const	16	static
../TouchGFX_App/touchgfx/framework/source/touchgfx/widgets/VideoWidget.cpp:50:6:bool touchgfx::VideoWidget::isPlaying() const	8	static
../TouchGFX_App/touchgfx/framework/source/touchgfx/widgets/VideoWidget.cpp:55:6:void touchgfx::VideoWidget::seek(uint32_t) const	16	static
../TouchGFX_App/touchgfx/framework/source/touchgfx/widgets/VideoWidget.cpp:60:6:void touchgfx::VideoWidget::showFrame(uint32_t) const	16	static
../TouchGFX_App/touchgfx/framework/source/touchgfx/widgets/VideoWidget.cpp:72:6:void touchgfx::VideoWidget::setRepeat(bool) const	16	static
../TouchGFX_App/touchgfx/framework/source/touchgfx/widgets/VideoWidget.cpp:131:10:uint32_t touchgfx::VideoWidget::getCurrentFrameNumber() const	8	static
../TouchGFX_App/touchgfx/framework/source/touchgfx/widgets/VideoWidget.cpp:136:6:void touchgfx::VideoWidget::setFrameRate(uint32_t, uint32_t) const	24	static
../TouchGFX_App/touchgfx/framework/source/touchgfx/widgets/VideoWidget.cpp:155:6:void touchgfx::VideoWidget::getVideoInformation(touchgfx::VideoInformation*) const	16	static
../TouchGFX_App/touchgfx/framework/source/touchgfx/widgets/VideoWidget.cpp:160:6:void touchgfx::VideoWidget::readVideoInformation()	24	static
../TouchGFX_App/touchgfx/framework/source/touchgfx/widgets/VideoWidget.cpp:141:6:void touchgfx::VideoWidget::setVideoData(const uint8_t*, uint32_t)	24	static
../TouchGFX_App/touchgfx/framework/source/touchgfx/widgets/VideoWidget.cpp:148:6:void touchgfx::VideoWidget::setVideoData(touchgfx::VideoDataReader&)	16	static
