../TouchGFX_App/touchgfx/framework/include/touchgfx/Screen.hpp:104:18:virtual void touchgfx::Screen::afterTransition()	0	static
../TouchGFX_App/gui/src/settings_screen/SettingsView.cpp:16:6:virtual void SettingsView::tearDownScreen()	0	static
../TouchGFX_App/gui/src/settings_screen/SettingsView.cpp:20:6:virtual void SettingsView::scrollList1UpdateItem(ScrollListContainerItem&, int16_t)	0	static
../TouchGFX_App/gui/include/gui/settings_screen/SettingsView.hpp:12:13:SettingsView::~SettingsView()	8	static
../TouchGFX_App/gui/include/gui/settings_screen/SettingsView.hpp:12:13:virtual SettingsView::~SettingsView()	8	static
../TouchGFX_App/gui/src/settings_screen/SettingsView.cpp:3:1:SettingsView::SettingsView()	8	static
../TouchGFX_App/gui/src/settings_screen/SettingsView.cpp:26:9:uint8_t SettingsView::getValidIndex(uint8_t)	0	static
../TouchGFX_App/gui/src/settings_screen/SettingsView.cpp:10:6:virtual void SettingsView::setupScreen()	8	static
../TouchGFX_App/gui/src/settings_screen/SettingsView.cpp:78:6:virtual void SettingsView::handleTickEvent()	8	static
../TouchGFX_App/gui/src/settings_screen/SettingsView.cpp:37:6:virtual void SettingsView::buttonHandler(uint8_t)	24	static
